python : C:\Users\Vic
tus\AppData\Local\Pro
grams\Python\Python31
3\Lib\site-packages\t
orchvision\models\_ut
ils.py:208: 
UserWarning: The 
parameter 
'pretrained' is 
deprecated since 
0.13 and may be 
removed in the 
future, please use 
'weights' instead.
At line:1 char:1
+ python test_specifi
c_images.py > 
test_output.txt 2>&1
+ ~~~~~~~~~~~~~~~~~~~
~~~~~~~~~~~~~~~~~~~~~
~~~~~~~~~~~~~
    + CategoryInfo   
           : NotSpe  
  cified: (C:\User   
 s\Victus...ights    
' instead.:Strin    
g) [], RemoteExc    
eption
    + FullyQualified 
   ErrorId : Native  
  CommandError
 
  warnings.warn(
C:\Users\Victus\AppDa
ta\Local\Programs\Pyt
hon\Python313\Lib\sit
e-packages\torchvisio
n\models\_utils.py:22
3: UserWarning: 
Arguments other than 
a weight enum or 
`None` for 'weights' 
are deprecated since 
0.13 and may be 
removed in the 
future. The current 
behavior is 
equivalent to 
passing `weights=Mobi
leNet_V2_Weights.IMAG
ENET1K_V1`. You can 
also use `weights=Mob
ileNet_V2_Weights.DEF
AULT` to get the 
most up-to-date 
weights.
  warnings.warn(msg)
Loading model...
Model loaded from best_plant_disease_model.pth

======================================================================
TESTING SPECIFIC IMAGES
======================================================================

Testing Cherry Image: 0048afb8-b950-4c57-9e72-7e26282327ee___JR_HL 9765_flipTB.JPG
Expected: Cherry_(including_sour)___healthy
Predicted: Cherry_(including_sour)___healthy
Confidence: 99.99%
Match: YES

Testing Tomato Image: 00bce074-967b-4d50-967a-31fdaa35e688___RS_HL 0223_flipTB.JPG
Expected: Tomato___healthy
Predicted: Tomato___healthy
Confidence: 99.65%
Match: YES

======================================================================
CLASS NAMES IN MODEL (in order):
======================================================================
 0. Apple___Apple_scab
 1. Apple___Black_rot
 2. Apple___Cedar_apple_rust
 3. Apple___healthy
 4. Blueberry___healthy
 5. Cherry_(including_sour)___Powdery_mildew
 6. Cherry_(including_sour)___healthy
 7. Corn_(maize)___Cercospora_leaf_spot Gray_leaf_spot
 8. Corn_(maize)___Common_rust_
 9. Corn_(maize)___Northern_Leaf_Blight
10. Corn_(maize)___healthy
11. Grape___Black_rot
12. Grape___Esca_(Black_Measles)
13. Grape___Leaf_blight_(Isariopsis_Leaf_Spot)
14. Grape___healthy
15. Orange___Haunglongbing_(Citrus_greening)
16. Peach___Bacterial_spot
17. Peach___healthy
18. Pepper,_bell___Bacterial_spot
19. Pepper,_bell___healthy
20. Potato___Early_blight
21. Potato___Late_blight
22. Potato___healthy
23. Raspberry___healthy
24. Soybean___healthy
25. Squash___Powdery_mildew
26. Strawberry___Leaf_scorch
27. Strawberry___healthy
28. Tomato___Bacterial_spot
29. Tomato___Early_blight
30. Tomato___Late_blight
31. Tomato___Leaf_Mold
32. Tomato___Septoria_leaf_spot
33. Tomato___Spider_mites Two-spotted_spider_mite
34. Tomato___Target_Spot
35. Tomato___Tomato_Yellow_Leaf_Curl_Virus
36. Tomato___Tomato_mosaic_virus
37. Tomato___healthy
